=== DRY RUN: Connecting to MT5 for live equity ===
Γ£à MT5 connected: account #476944496
MT5 ACCOUNT CONNECTED: #476944496 | Trade Mode: 0 (0=DEMO)
LIVE EQUITY: $155.27

=== TIER SELECTED (LOCKED FOR SESSION) ===
  Equity: $155.27
  Tier: $100 - $1000
  Max Concurrent Trades: 2
  Risk per Trade: 3.0%
  Aggregate Risk Cap: 3.0%
  Reward:Risk Ratio: 3.0
  Tier Locked: True
  Locked At Equity: $155.27

Session symbols (validated): ['XAUUSDm']
Loaded 3 processed signals from C:\Users\RIDGE\AppData\Local\Temp\mt5_audit_real.idempotency.json
Γ£à MT5 connected: account #476944496
MT5 DEMO ACCOUNT: #476944496 | Balance: 155.27 | Equity: 155.27
Fitting volatility sizers (VolScaledSizer GARCH)...
  XAUUSDm: fitted (GARCH vol forecast ready)
Starting live session for 5 minutes...
Symbols: ['XAUUSDm']
Dry run: False
[2026-09-30 12:01:00.429268] XAUUSDm 5M_signal=0 MTF_gate=REJECTED reason=No breakout signal (flat) 1H=LONG_BIAS 30M=LONG_BIAS 15M=TRADEABLE
[2026-09-30 12:01:00.429408] Status: Signals=0, Placed=0, Failed=0, Equity=$155.27
[2026-09-30 12:01:01.633647] XAUUSDm 5M_signal=0 MTF_gate=REJECTED reason=No breakout signal (flat) 1H=LONG_BIAS 30M=LONG_BIAS 15M=TRADEABLE
[2026-09-30 12:01:02.751103] XAUUSDm 5M_signal=0 MTF_gate=REJECTED reason=No breakout signal (flat) 1H=LONG_BIAS 30M=LONG_BIAS 15M=TRADEABLE
[2026-09-30 12:01:03.870414] XAUUSDm 5M_signal=0 MTF_gate=REJECTED reason=No breakout signal (flat) 1H=LONG_BIAS 30M=LONG_BIAS 15M=TRADEABLE
[2026-09-30 12:01:04.981596] XAUUSDm 5M_signal=0 MTF_gate=REJECTED reason=No breakout signal (flat) 1H=LONG_BIAS 30M=LONG_BIAS 15M=TRADEABLE
[2026-09-30 12:01:06.073072] XAUUSDm 5M_signal=0 MTF_gate=REJECTED reason=No breakout signal (flat) 1H=LONG_BIAS 30M=LONG_BIAS 15M=TRADEABLE
[2026-09-30 12:01:07.186735] XAUUSDm 5M_signal=0 MTF_gate=REJECTED reason=No breakout signal (flat) 1H=LONG_BIAS 30M=LONG_BIAS 15M=TRADEABLE
[2026-09-30 12:01:08.285743] XAUUSDm 5M_signal=0 MTF_gate=REJECTED reason=No breakout signal (flat) 1H=LONG_BIAS 30M=LONG_BIAS 15M=TRADEABLE
[2026-09-30 12:01:09.405305] XAUUSDm 5M_signal=0 MTF_gate=REJECTED reason=No breakout signal (flat) 1H=LONG_BIAS 30M=LONG_BIAS 15M=TRADEABLE
[2026-09-30 12:01:10.501065] XAUUSDm 5M_signal=0 MTF_gate=REJECTED reason=No breakout signal (flat) 1H=LONG_BIAS 30M=LONG_BIAS 15M=TRADEABLE
[2026-09-30 12:01:11.667253] XAUUSDm 5M_signal=0 MTF_gate=REJECTED reason=No breakout signal (flat) 1H=LONG_BIAS 30M=LONG_BIAS 15M=TRADEABLE
[2026-09-30 12:01:12.764057] XAUUSDm 5M_signal=0 MTF_gate=REJECTED reason=No breakout signal (flat) 1H=LONG_BIAS 30M=LONG_BIAS 15M=TRADEABLE
[2026-09-30 12:01:13.868364] XAUUSDm 5M_signal=0 MTF_gate=REJECTED reason=No breakout signal (flat) 1H=LONG_BIAS 30M=LONG_BIAS 15M=TRADEABLE
[2026-09-30 12:01:14.976769] XAUUSDm 5M_signal=0 MTF_gate=REJECTED reason=No breakout signal (flat) 1H=LONG_BIAS 30M=LONG_BIAS 15M=TRADEABLE
[2026-09-30 12:01:16.063386] XAUUSDm 5M_signal=0 MTF_gate=REJECTED reason=No breakout signal (flat) 1H=LONG_BIAS 30M=LONG_BIAS 15M=TRADEABLE
[2026-09-30 12:01:17.150975] XAUUSDm 5M_signal=0 MTF_gate=REJECTED reason=No breakout signal (flat) 1H=LONG_BIAS 30M=LONG_BIAS 15M=TRADEABLE
[2026-09-30 12:01:18.426997] XAUUSDm 5M_signal=0 MTF_gate=REJECTED reason=No breakout signal (flat) 1H=LONG_BIAS 30M=LONG_BIAS 15M=TRADEABLE
[2026-09-30 12:01:19.526982] XAUUSDm 5M_signal=0 MTF_gate=REJECTED reason=No breakout signal (flat) 1H=LONG_BIAS 30M=LONG_BIAS 15M=TRADEABLE
[2026-09-30 12:01:20.643761] XAUUSDm 5M_signal=0 MTF_gate=REJECTED reason=No breakout signal (flat) 1H=LONG_BIAS 30M=LONG_BIAS 15M=TRADEABLE
[2026-09-30 12:01:21.763250] XAUUSDm 5M_signal=0 MTF_gate=REJECTED reason=No breakout signal (flat) 1H=LONG_BIAS 30M=LONG_BIAS 15M=TRADEABLE
[2026-09-30 12:01:22.914328] XAUUSDm 5M_signal=0 MTF_gate=REJECTED reason=No breakout signal (flat) 1H=LONG_BIAS 30M=LONG_BIAS 15M=TRADEABLE
[2026-09-30 12:01:24.056397] XAUUSDm 5M_signal=0 MTF_gate=REJECTED reason=No breakout signal (flat) 1H=LONG_BIAS 30M=LONG_BIAS 15M=TRADEABLE
[2026-09-30 12:01:29.499954] XAUUSDm 5M_signal=0 MTF_gate=REJECTED reason=No breakout signal (flat) 1H=LONG_BIAS 30M=LONG_BIAS 15M=TRADEABLE
[2026-09-30 12:01:30.710990] XAUUSDm 5M_signal=0 MTF_gate=REJECTED reason=No breakout signal (flat) 1H=LONG_BIAS 30M=LONG_BIAS 15M=TRADEABLE
[2026-09-30 12:01:30.711056] Status: Signals=0, Placed=0, Failed=0, Equity=$155.27
[2026-09-30 12:01:31.828172] XAUUSDm 5M_signal=0 MTF_gate=REJECTED reason=No breakout signal (flat) 1H=LONG_BIAS 30M=LONG_BIAS 15M=TRADEABLE
[2026-09-30 12:01:33.265701] XAUUSDm 5M_signal=0 MTF_gate=REJECTED reason=No breakout signal (flat) 1H=LONG_BIAS 30M=LONG_BIAS 15M=TRADEABLE
[2026-09-30 12:01:34.523888] XAUUSDm 5M_signal=0 MTF_gate=REJECTED reason=No breakout signal (flat) 1H=LONG_BIAS 30M=LONG_BIAS 15M=TRADEABLE
[2026-09-30 12:01:35.633207] XAUUSDm 5M_signal=0 MTF_gate=REJECTED reason=No breakout signal (flat) 1H=LONG_BIAS 30M=LONG_BIAS 15M=TRADEABLE
[2026-09-30 12:01:37.077133] XAUUSDm 5M_signal=0 MTF_gate=REJECTED reason=No breakout signal (flat) 1H=LONG_BIAS 30M=LONG_BIAS 15M=TRADEABLE
[2026-09-30 12:01:38.557822] XAUUSDm 5M_signal=0 MTF_gate=REJECTED reason=No breakout signal (flat) 1H=LONG_BIAS 30M=LONG_BIAS 15M=TRADEABLE
[2026-09-30 12:01:39.685023] XAUUSDm 5M_signal=0 MTF_gate=REJECTED reason=No breakout signal (flat) 1H=LONG_BIAS 30M=LONG_BIAS 15M=TRADEABLE
[2026-09-30 12:01:40.831008] XAUUSDm 5M_signal=0 MTF_gate=REJECTED reason=No breakout signal (flat) 1H=LONG_BIAS 30M=LONG_BIAS 15M=TRADEABLE
[2026-09-30 12:01:41.939967] XAUUSDm 5M_signal=0 MTF_gate=REJECTED reason=No breakout signal (flat) 1H=LONG_BIAS 30M=LONG_BIAS 15M=TRADEABLE
[2026-09-30 12:01:43.041443] XAUUSDm 5M_signal=0 MTF_gate=REJECTED reason=No breakout signal (flat) 1H=LONG_BIAS 30M=LONG_BIAS 15M=TRADEABLE
[2026-09-30 12:01:44.215719] XAUUSDm 5M_signal=0 MTF_gate=REJECTED reason=No breakout signal (flat) 1H=LONG_BIAS 30M=LONG_BIAS 15M=TRADEABLE
[2026-09-30 12:01:45.444159] XAUUSDm 5M_signal=0 MTF_gate=REJECTED reason=No breakout signal (flat) 1H=LONG_BIAS 30M=LONG_BIAS 15M=TRADEABLE
[2026-09-30 12:01:46.756575] XAUUSDm 5M_signal=0 MTF_gate=REJECTED reason=No breakout signal (flat) 1H=LONG_BIAS 30M=LONG_BIAS 15M=TRADEABLE
[2026-09-30 12:01:48.197486] XAUUSDm 5M_signal=0 MTF_gate=REJECTED reason=No breakout signal (flat) 1H=LONG_BIAS 30M=LONG_BIAS 15M=TRADEABLE
[2026-09-30 12:01:49.982322] XAUUSDm 5M_signal=0 MTF_gate=REJECTED reason=No breakout signal (flat) 1H=LONG_BIAS 30M=LONG_BIAS 15M=TRADEABLE
[2026-09-30 12:01:53.325095] XAUUSDm 5M_signal=0 MTF_gate=REJECTED reason=No breakout signal (flat) 1H=LONG_BIAS 30M=LONG_BIAS 15M=TRADEABLE
[2026-09-30 12:01:55.236123] XAUUSDm 5M_signal=0 MTF_gate=REJECTED reason=No breakout signal (flat) 1H=LONG_BIAS 30M=LONG_BIAS 15M=TRADEABLE
[2026-09-30 12:01:57.206343] XAUUSDm 5M_signal=0 MTF_gate=REJECTED reason=No breakout signal (flat) 1H=LONG_BIAS 30M=LONG_BIAS 15M=TRADEABLE
[2026-09-30 12:01:58.856535] XAUUSDm 5M_signal=0 MTF_gate=REJECTED reason=No breakout signal (flat) 1H=LONG_BIAS 30M=LONG_BIAS 15M=TRADEABLE
[2026-09-30 12:02:00.604268] XAUUSDm 5M_signal=0 MTF_gate=REJECTED reason=No breakout signal (flat) 1H=LONG_BIAS 30M=LONG_BIAS 15M=TRADEABLE
[2026-09-30 12:02:00.604321] Status: Signals=0, Placed=0, Failed=0, Equity=$155.27
[2026-09-30 12:02:02.192571] XAUUSDm 5M_signal=0 MTF_gate=REJECTED reason=No breakout signal (flat) 1H=LONG_BIAS 30M=LONG_BIAS 15M=TRADEABLE
[2026-09-30 12:02:04.136691] XAUUSDm 5M_signal=0 MTF_gate=REJECTED reason=No breakout signal (flat) 1H=LONG_BIAS 30M=LONG_BIAS 15M=TRADEABLE
[2026-09-30 12:02:06.264477] XAUUSDm 5M_signal=0 MTF_gate=REJECTED reason=No breakout signal (flat) 1H=LONG_BIAS 30M=LONG_BIAS 15M=TRADEABLE
[2026-09-30 12:02:07.848806] XAUUSDm 5M_signal=0 MTF_gate=REJECTED reason=No breakout signal (flat) 1H=LONG_BIAS 30M=LONG_BIAS 15M=TRADEABLE
[2026-09-30 12:02:09.911664] XAUUSDm 5M_signal=0 MTF_gate=REJECTED reason=No breakout signal (flat) 1H=LONG_BIAS 30M=LONG_BIAS 15M=TRADEABLE
[2026-09-30 12:02:11.318559] XAUUSDm 5M_signal=0 MTF_gate=REJECTED reason=No breakout signal (flat) 1H=LONG_BIAS 30M=LONG_BIAS 15M=TRADEABLE
[2026-09-30 12:02:13.251938] XAUUSDm 5M_signal=0 MTF_gate=REJECTED reason=No breakout signal (flat) 1H=LONG_BIAS 30M=LONG_BIAS 15M=TRADEABLE
[2026-09-30 12:02:15.772044] XAUUSDm 5M_signal=0 MTF_gate=REJECTED reason=No breakout signal (flat) 1H=LONG_BIAS 30M=LONG_BIAS 15M=TRADEABLE
[2026-09-30 12:02:17.255329] XAUUSDm 5M_signal=0 MTF_gate=REJECTED reason=No breakout signal (flat) 1H=LONG_BIAS 30M=LONG_BIAS 15M=TRADEABLE
[2026-09-30 12:02:18.870517] XAUUSDm 5M_signal=0 MTF_gate=REJECTED reason=No breakout signal (flat) 1H=LONG_BIAS 30M=LONG_BIAS 15M=TRADEABLE
[2026-09-30 12:02:20.632921] XAUUSDm 5M_signal=0 MTF_gate=REJECTED reason=No breakout signal (flat) 1H=LONG_BIAS 30M=LONG_BIAS 15M=TRADEABLE
[2026-09-30 12:02:22.395996] XAUUSDm 5M_signal=0 MTF_gate=REJECTED reason=No breakout signal (flat) 1H=LONG_BIAS 30M=LONG_BIAS 15M=TRADEABLE
[2026-09-30 12:02:24.099796] XAUUSDm 5M_signal=0 MTF_gate=REJECTED reason=No breakout signal (flat) 1H=LONG_BIAS 30M=LONG_BIAS 15M=TRADEABLE
[2026-09-30 12:02:25.734459] XAUUSDm 5M_signal=0 MTF_gate=REJECTED reason=No breakout signal (flat) 1H=LONG_BIAS 30M=LONG_BIAS 15M=TRADEABLE
[2026-09-30 12:02:27.233849] XAUUSDm 5M_signal=0 MTF_gate=REJECTED reason=No breakout signal (flat) 1H=LONG_BIAS 30M=LONG_BIAS 15M=TRADEABLE
[2026-09-30 12:02:29.411979] XAUUSDm 5M_signal=0 MTF_gate=REJECTED reason=No breakout signal (flat) 1H=LONG_BIAS 30M=LONG_BIAS 15M=TRADEABLE
[2026-09-30 12:02:30.814354] XAUUSDm 5M_signal=0 MTF_gate=REJECTED reason=No breakout signal (flat) 1H=LONG_BIAS 30M=LONG_BIAS 15M=TRADEABLE
[2026-09-30 12:02:30.814404] Status: Signals=0, Placed=0, Failed=0, Equity=$155.27
[2026-09-30 12:02:32.027661] XAUUSDm 5M_signal=0 MTF_gate=REJECTED reason=No breakout signal (flat) 1H=LONG_BIAS 30M=LONG_BIAS 15M=TRADEABLE
[2026-09-30 12:02:33.234597] XAUUSDm 5M_signal=0 MTF_gate=REJECTED reason=No breakout signal (flat) 1H=LONG_BIAS 30M=LONG_BIAS 15M=TRADEABLE
[2026-09-30 12:02:34.407662] XAUUSDm 5M_signal=0 MTF_gate=REJECTED reason=No breakout signal (flat) 1H=LONG_BIAS 30M=LONG_BIAS 15M=TRADEABLE
[2026-09-30 12:02:35.970659] XAUUSDm 5M_signal=0 MTF_gate=REJECTED reason=No breakout signal (flat) 1H=LONG_BIAS 30M=LONG_BIAS 15M=TRADEABLE
[2026-09-30 12:02:37.194771] XAUUSDm 5M_signal=0 MTF_gate=REJECTED reason=No breakout signal (flat) 1H=LONG_BIAS 30M=LONG_BIAS 15M=TRADEABLE
[2026-09-30 12:02:38.374132] XAUUSDm 5M_signal=0 MTF_gate=REJECTED reason=No breakout signal (flat) 1H=LONG_BIAS 30M=LONG_BIAS 15M=TRADEABLE
[2026-09-30 12:02:40.079759] XAUUSDm 5M_signal=0 MTF_gate=REJECTED reason=No breakout signal (flat) 1H=LONG_BIAS 30M=LONG_BIAS 15M=TRADEABLE
[2026-09-30 12:02:41.497129] XAUUSDm 5M_signal=0 MTF_gate=REJECTED reason=No breakout signal (flat) 1H=LONG_BIAS 30M=LONG_BIAS 15M=TRADEABLE
[2026-09-30 12:02:42.916033] XAUUSDm 5M_signal=0 MTF_gate=REJECTED reason=No breakout signal (flat) 1H=LONG_BIAS 30M=LONG_BIAS 15M=TRADEABLE
[2026-09-30 12:02:44.425203] XAUUSDm 5M_signal=0 MTF_gate=REJECTED reason=No breakout signal (flat) 1H=LONG_BIAS 30M=LONG_BIAS 15M=TRADEABLE
[2026-09-30 12:02:46.085990] XAUUSDm 5M_signal=0 MTF_gate=REJECTED reason=No breakout signal (flat) 1H=LONG_BIAS 30M=LONG_BIAS 15M=TRADEABLE
[2026-09-30 12:02:47.486460] XAUUSDm 5M_signal=0 MTF_gate=REJECTED reason=No breakout signal (flat) 1H=LONG_BIAS 30M=LONG_BIAS 15M=TRADEABLE
[2026-09-30 12:02:49.216583] XAUUSDm 5M_signal=0 MTF_gate=REJECTED reason=No breakout signal (flat) 1H=LONG_BIAS 30M=LONG_BIAS 15M=TRADEABLE
[2026-09-30 12:02:51.101288] XAUUSDm 5M_signal=0 MTF_gate=REJECTED reason=No breakout signal (flat) 1H=LONG_BIAS 30M=LONG_BIAS 15M=TRADEABLE
[2026-09-30 12:02:52.598389] XAUUSDm 5M_signal=0 MTF_gate=REJECTED reason=No breakout signal (flat) 1H=LONG_BIAS 30M=LONG_BIAS 15M=TRADEABLE
[2026-09-30 12:02:54.514277] XAUUSDm 5M_signal=0 MTF_gate=REJECTED reason=No breakout signal (flat) 1H=LONG_BIAS 30M=LONG_BIAS 15M=TRADEABLE
[2026-09-30 12:02:56.172143] XAUUSDm 5M_signal=0 MTF_gate=REJECTED reason=No breakout signal (flat) 1H=LONG_BIAS 30M=LONG_BIAS 15M=TRADEABLE
[2026-09-30 12:02:57.963147] XAUUSDm 5M_signal=0 MTF_gate=REJECTED reason=No breakout signal (flat) 1H=LONG_BIAS 30M=LONG_BIAS 15M=TRADEABLE
[2026-09-30 12:02:59.400300] XAUUSDm 5M_signal=0 MTF_gate=REJECTED reason=No breakout signal (flat) 1H=LONG_BIAS 30M=LONG_BIAS 15M=TRADEABLE
[2026-09-30 12:03:00.798565] XAUUSDm 5M_signal=0 MTF_gate=REJECTED reason=No breakout signal (flat) 1H=LONG_BIAS 30M=LONG_BIAS 15M=TRADEABLE
[2026-09-30 12:03:00.798626] Status: Signals=0, Placed=0, Failed=0, Equity=$155.27
[2026-09-30 12:03:02.021472] XAUUSDm 5M_signal=0 MTF_gate=REJECTED reason=No breakout signal (flat) 1H=LONG_BIAS 30M=LONG_BIAS 15M=TRADEABLE
[2026-09-30 12:03:03.257816] XAUUSDm 5M_signal=0 MTF_gate=REJECTED reason=No breakout signal (flat) 1H=LONG_BIAS 30M=LONG_BIAS 15M=TRADEABLE
[2026-09-30 12:03:04.866454] XAUUSDm 5M_signal=0 MTF_gate=REJECTED reason=No breakout signal (flat) 1H=LONG_BIAS 30M=LONG_BIAS 15M=TRADEABLE
[2026-09-30 12:03:06.147840] XAUUSDm 5M_signal=0 MTF_gate=REJECTED reason=No breakout signal (flat) 1H=LONG_BIAS 30M=LONG_BIAS 15M=TRADEABLE
[2026-09-30 12:03:07.734847] XAUUSDm 5M_signal=0 MTF_gate=REJECTED reason=No breakout signal (flat) 1H=LONG_BIAS 30M=LONG_BIAS 15M=TRADEABLE
[2026-09-30 12:03:09.090286] XAUUSDm 5M_signal=0 MTF_gate=REJECTED reason=No breakout signal (flat) 1H=LONG_BIAS 30M=LONG_BIAS 15M=TRADEABLE
[2026-09-30 12:03:10.832035] XAUUSDm 5M_signal=0 MTF_gate=REJECTED reason=No breakout signal (flat) 1H=LONG_BIAS 30M=LONG_BIAS 15M=TRADEABLE
[2026-09-30 12:03:12.341712] XAUUSDm 5M_signal=0 MTF_gate=REJECTED reason=No breakout signal (flat) 1H=LONG_BIAS 30M=LONG_BIAS 15M=TRADEABLE
[2026-09-30 12:03:13.746925] XAUUSDm 5M_signal=0 MTF_gate=REJECTED reason=No breakout signal (flat) 1H=LONG_BIAS 30M=LONG_BIAS 15M=TRADEABLE
[2026-09-30 12:03:15.182391] XAUUSDm 5M_signal=0 MTF_gate=REJECTED reason=No breakout signal (flat) 1H=LONG_BIAS 30M=LONG_BIAS 15M=TRADEABLE
[2026-09-30 12:03:16.337558] XAUUSDm 5M_signal=0 MTF_gate=REJECTED reason=No breakout signal (flat) 1H=LONG_BIAS 30M=LONG_BIAS 15M=TRADEABLE
[2026-09-30 12:03:17.551963] XAUUSDm 5M_signal=0 MTF_gate=REJECTED reason=No breakout signal (flat) 1H=LONG_BIAS 30M=LONG_BIAS 15M=TRADEABLE
[2026-09-30 12:03:18.873164] XAUUSDm 5M_signal=0 MTF_gate=REJECTED reason=No breakout signal (flat) 1H=LONG_BIAS 30M=LONG_BIAS 15M=TRADEABLE
[2026-09-30 12:03:20.176122] XAUUSDm 5M_signal=0 MTF_gate=REJECTED reason=No breakout signal (flat) 1H=LONG_BIAS 30M=LONG_BIAS 15M=TRADEABLE
[2026-09-30 12:03:21.682732] XAUUSDm 5M_signal=0 MTF_gate=REJECTED reason=No breakout signal (flat) 1H=LONG_BIAS 30M=LONG_BIAS 15M=TRADEABLE
[2026-09-30 12:03:23.031391] XAUUSDm 5M_signal=0 MTF_gate=REJECTED reason=No breakout signal (flat) 1H=LONG_BIAS 30M=LONG_BIAS 15M=TRADEABLE
[2026-09-30 12:03:24.393031] XAUUSDm 5M_signal=0 MTF_gate=REJECTED reason=No breakout signal (flat) 1H=LONG_BIAS 30M=LONG_BIAS 15M=TRADEABLE
[2026-09-30 12:03:25.836221] XAUUSDm 5M_signal=0 MTF_gate=REJECTED reason=No breakout signal (flat) 1H=LONG_BIAS 30M=LONG_BIAS 15M=TRADEABLE
[2026-09-30 12:03:27.237889] XAUUSDm 5M_signal=0 MTF_gate=REJECTED reason=No breakout signal (flat) 1H=LONG_BIAS 30M=LONG_BIAS 15M=TRADEABLE
[2026-09-30 12:03:29.252825] XAUUSDm 5M_signal=0 MTF_gate=REJECTED reason=No breakout signal (flat) 1H=LONG_BIAS 30M=LONG_BIAS 15M=TRADEABLE
[2026-09-30 12:03:30.587062] XAUUSDm 5M_signal=0 MTF_gate=REJECTED reason=No breakout signal (flat) 1H=LONG_BIAS 30M=LONG_BIAS 15M=TRADEABLE
[2026-09-30 12:03:30.587116] Status: Signals=0, Placed=0, Failed=0, Equity=$155.27
[2026-09-30 12:03:31.969006] XAUUSDm 5M_signal=0 MTF_gate=REJECTED reason=No breakout signal (flat) 1H=LONG_BIAS 30M=LONG_BIAS 15M=TRADEABLE
[2026-09-30 12:03:33.442877] XAUUSDm 5M_signal=0 MTF_gate=REJECTED reason=No breakout signal (flat) 1H=LONG_BIAS 30M=LONG_BIAS 15M=TRADEABLE
[2026-09-30 12:03:34.744344] XAUUSDm 5M_signal=0 MTF_gate=REJECTED reason=No breakout signal (flat) 1H=LONG_BIAS 30M=LONG_BIAS 15M=TRADEABLE
[2026-09-30 12:03:36.259151] XAUUSDm 5M_signal=0 MTF_gate=REJECTED reason=No breakout signal (flat) 1H=LONG_BIAS 30M=LONG_BIAS 15M=TRADEABLE
[2026-09-30 12:03:37.599462] XAUUSDm 5M_signal=0 MTF_gate=REJECTED reason=No breakout signal (flat) 1H=LONG_BIAS 30M=LONG_BIAS 15M=TRADEABLE
[2026-09-30 12:03:39.009773] XAUUSDm 5M_signal=0 MTF_gate=REJECTED reason=No breakout signal (flat) 1H=LONG_BIAS 30M=LONG_BIAS 15M=TRADEABLE
[2026-09-30 12:03:40.478267] XAUUSDm 5M_signal=0 MTF_gate=REJECTED reason=No breakout signal (flat) 1H=LONG_BIAS 30M=LONG_BIAS 15M=TRADEABLE
[2026-09-30 12:03:42.147652] XAUUSDm 5M_signal=0 MTF_gate=REJECTED reason=No breakout signal (flat) 1H=LONG_BIAS 30M=LONG_BIAS 15M=TRADEABLE
[2026-09-30 12:03:43.451803] XAUUSDm 5M_signal=0 MTF_gate=REJECTED reason=No breakout signal (flat) 1H=LONG_BIAS 30M=LONG_BIAS 15M=TRADEABLE
[2026-09-30 12:03:45.214422] XAUUSDm 5M_signal=0 MTF_gate=REJECTED reason=No breakout signal (flat) 1H=LONG_BIAS 30M=LONG_BIAS 15M=TRADEABLE
[2026-09-30 12:03:46.528394] XAUUSDm 5M_signal=0 MTF_gate=REJECTED reason=No breakout signal (flat) 1H=LONG_BIAS 30M=LONG_BIAS 15M=TRADEABLE
[2026-09-30 12:03:47.937529] XAUUSDm 5M_signal=0 MTF_gate=REJECTED reason=No breakout signal (flat) 1H=LONG_BIAS 30M=LONG_BIAS 15M=TRADEABLE
[2026-09-30 12:03:49.533689] XAUUSDm 5M_signal=0 MTF_gate=REJECTED reason=No breakout signal (flat) 1H=LONG_BIAS 30M=LONG_BIAS 15M=TRADEABLE
[2026-09-30 12:03:51.033568] XAUUSDm 5M_signal=0 MTF_gate=REJECTED reason=No breakout signal (flat) 1H=LONG_BIAS 30M=LONG_BIAS 15M=TRADEABLE
[2026-09-30 12:03:52.478458] XAUUSDm 5M_signal=0 MTF_gate=REJECTED reason=No breakout signal (flat) 1H=LONG_BIAS 30M=LONG_BIAS 15M=TRADEABLE
[2026-09-30 12:03:54.034521] XAUUSDm 5M_signal=0 MTF_gate=REJECTED reason=No breakout signal (flat) 1H=LONG_BIAS 30M=LONG_BIAS 15M=TRADEABLE
[2026-09-30 12:03:55.627146] XAUUSDm 5M_signal=0 MTF_gate=REJECTED reason=No breakout signal (flat) 1H=LONG_BIAS 30M=LONG_BIAS 15M=TRADEABLE
[2026-09-30 12:03:57.565623] XAUUSDm 5M_signal=0 MTF_gate=REJECTED reason=No breakout signal (flat) 1H=LONG_BIAS 30M=LONG_BIAS 15M=TRADEABLE
[2026-09-30 12:03:59.486702] XAUUSDm 5M_signal=0 MTF_gate=REJECTED reason=No breakout signal (flat) 1H=LONG_BIAS 30M=LONG_BIAS 15M=TRADEABLE
[2026-09-30 12:04:00.958981] XAUUSDm 5M_signal=0 MTF_gate=REJECTED reason=No breakout signal (flat) 1H=LONG_BIAS 30M=LONG_BIAS 15M=TRADEABLE
[2026-09-30 12:04:00.959045] Status: Signals=0, Placed=0, Failed=0, Equity=$155.27
[2026-09-30 12:04:02.445418] XAUUSDm 5M_signal=0 MTF_gate=REJECTED reason=No breakout signal (flat) 1H=LONG_BIAS 30M=LONG_BIAS 15M=TRADEABLE
[2026-09-30 12:04:04.139741] XAUUSDm 5M_signal=0 MTF_gate=REJECTED reason=No breakout signal (flat) 1H=LONG_BIAS 30M=LONG_BIAS 15M=TRADEABLE
[2026-09-30 12:04:05.515338] XAUUSDm 5M_signal=0 MTF_gate=REJECTED reason=No breakout signal (flat) 1H=LONG_BIAS 30M=LONG_BIAS 15M=TRADEABLE
[2026-09-30 12:04:06.907290] XAUUSDm 5M_signal=0 MTF_gate=REJECTED reason=No breakout signal (flat) 1H=LONG_BIAS 30M=LONG_BIAS 15M=TRADEABLE
[2026-09-30 12:04:08.091819] XAUUSDm 5M_signal=0 MTF_gate=REJECTED reason=No breakout signal (flat) 1H=LONG_BIAS 30M=LONG_BIAS 15M=TRADEABLE
[2026-09-30 12:04:09.452015] XAUUSDm 5M_signal=0 MTF_gate=REJECTED reason=No breakout signal (flat) 1H=LONG_BIAS 30M=LONG_BIAS 15M=TRADEABLE
[2026-09-30 12:04:10.801918] XAUUSDm 5M_signal=0 MTF_gate=REJECTED reason=No breakout signal (flat) 1H=LONG_BIAS 30M=LONG_BIAS 15M=TRADEABLE
[2026-09-30 12:04:12.224041] XAUUSDm 5M_signal=0 MTF_gate=REJECTED reason=No breakout signal (flat) 1H=LONG_BIAS 30M=LONG_BIAS 15M=TRADEABLE
[2026-09-30 12:04:13.740881] XAUUSDm 5M_signal=0 MTF_gate=REJECTED reason=No breakout signal (flat) 1H=LONG_BIAS 30M=LONG_BIAS 15M=TRADEABLE
[2026-09-30 12:04:14.970916] XAUUSDm 5M_signal=0 MTF_gate=REJECTED reason=No breakout signal (flat) 1H=LONG_BIAS 30M=LONG_BIAS 15M=TRADEABLE
[2026-09-30 12:04:16.131425] XAUUSDm 5M_signal=0 MTF_gate=REJECTED reason=No breakout signal (flat) 1H=LONG_BIAS 30M=LONG_BIAS 15M=TRADEABLE
[2026-09-30 12:04:17.498715] XAUUSDm 5M_signal=0 MTF_gate=REJECTED reason=No breakout signal (flat) 1H=LONG_BIAS 30M=LONG_BIAS 15M=TRADEABLE
[2026-09-30 12:04:18.590219] XAUUSDm 5M_signal=0 MTF_gate=REJECTED reason=No breakout signal (flat) 1H=LONG_BIAS 30M=LONG_BIAS 15M=TRADEABLE
[2026-09-30 12:04:20.153045] XAUUSDm 5M_signal=0 MTF_gate=REJECTED reason=No breakout signal (flat) 1H=LONG_BIAS 30M=LONG_BIAS 15M=TRADEABLE
[2026-09-30 12:04:21.530573] XAUUSDm 5M_signal=0 MTF_gate=REJECTED reason=No breakout signal (flat) 1H=LONG_BIAS 30M=LONG_BIAS 15M=TRADEABLE
[2026-09-30 12:04:22.830717] XAUUSDm 5M_signal=0 MTF_gate=REJECTED reason=No breakout signal (flat) 1H=LONG_BIAS 30M=LONG_BIAS 15M=TRADEABLE
[2026-09-30 12:04:24.053517] XAUUSDm 5M_signal=0 MTF_gate=REJECTED reason=No breakout signal (flat) 1H=LONG_BIAS 30M=LONG_BIAS 15M=TRADEABLE
[2026-09-30 12:04:25.313596] XAUUSDm 5M_signal=0 MTF_gate=REJECTED reason=No breakout signal (flat) 1H=LONG_BIAS 30M=LONG_BIAS 15M=TRADEABLE
[2026-09-30 12:04:26.674341] XAUUSDm 5M_signal=0 MTF_gate=REJECTED reason=No breakout signal (flat) 1H=LONG_BIAS 30M=LONG_BIAS 15M=TRADEABLE
[2026-09-30 12:04:28.114389] XAUUSDm 5M_signal=0 MTF_gate=REJECTED reason=No breakout signal (flat) 1H=LONG_BIAS 30M=LONG_BIAS 15M=TRADEABLE
[2026-09-30 12:04:29.414190] XAUUSDm 5M_signal=0 MTF_gate=REJECTED reason=No breakout signal (flat) 1H=LONG_BIAS 30M=LONG_BIAS 15M=TRADEABLE
[2026-09-30 12:04:30.572013] XAUUSDm 5M_signal=0 MTF_gate=REJECTED reason=No breakout signal (flat) 1H=LONG_BIAS 30M=LONG_BIAS 15M=TRADEABLE
[2026-09-30 12:04:30.572078] Status: Signals=0, Placed=0, Failed=0, Equity=$155.27
[2026-09-30 12:04:31.723338] XAUUSDm 5M_signal=0 MTF_gate=REJECTED reason=No breakout signal (flat) 1H=LONG_BIAS 30M=LONG_BIAS 15M=TRADEABLE
[2026-09-30 12:04:32.897323] XAUUSDm 5M_signal=0 MTF_gate=REJECTED reason=No breakout signal (flat) 1H=LONG_BIAS 30M=LONG_BIAS 15M=TRADEABLE
[2026-09-30 12:04:34.024077] XAUUSDm 5M_signal=0 MTF_gate=REJECTED reason=No breakout signal (flat) 1H=LONG_BIAS 30M=LONG_BIAS 15M=TRADEABLE
[2026-09-30 12:04:35.162588] XAUUSDm 5M_signal=0 MTF_gate=REJECTED reason=No breakout signal (flat) 1H=LONG_BIAS 30M=LONG_BIAS 15M=TRADEABLE
[2026-09-30 12:04:36.479943] XAUUSDm 5M_signal=0 MTF_gate=REJECTED reason=No breakout signal (flat) 1H=LONG_BIAS 30M=LONG_BIAS 15M=TRADEABLE
[2026-09-30 12:04:37.669394] XAUUSDm 5M_signal=0 MTF_gate=REJECTED reason=No breakout signal (flat) 1H=LONG_BIAS 30M=LONG_BIAS 15M=TRADEABLE
[2026-09-30 12:04:38.765985] XAUUSDm 5M_signal=0 MTF_gate=REJECTED reason=No breakout signal (flat) 1H=LONG_BIAS 30M=LONG_BIAS 15M=TRADEABLE
[2026-09-30 12:04:39.877894] XAUUSDm 5M_signal=0 MTF_gate=REJECTED reason=No breakout signal (flat) 1H=LONG_BIAS 30M=LONG_BIAS 15M=TRADEABLE
[2026-09-30 12:04:40.991216] XAUUSDm 5M_signal=0 MTF_gate=REJECTED reason=No breakout signal (flat) 1H=LONG_BIAS 30M=LONG_BIAS 15M=TRADEABLE
[2026-09-30 12:04:42.205583] XAUUSDm 5M_signal=0 MTF_gate=REJECTED reason=No breakout signal (flat) 1H=LONG_BIAS 30M=LONG_BIAS 15M=TRADEABLE
[2026-09-30 12:04:43.399229] XAUUSDm 5M_signal=0 MTF_gate=REJECTED reason=No breakout signal (flat) 1H=LONG_BIAS 30M=LONG_BIAS 15M=TRADEABLE
[2026-09-30 12:04:44.495631] XAUUSDm 5M_signal=0 MTF_gate=REJECTED reason=No breakout signal (flat) 1H=LONG_BIAS 30M=LONG_BIAS 15M=TRADEABLE
[2026-09-30 12:04:45.582782] XAUUSDm 5M_signal=0 MTF_gate=REJECTED reason=No breakout signal (flat) 1H=LONG_BIAS 30M=LONG_BIAS 15M=TRADEABLE
[2026-09-30 12:04:46.675424] XAUUSDm 5M_signal=0 MTF_gate=REJECTED reason=No breakout signal (flat) 1H=LONG_BIAS 30M=LONG_BIAS 15M=TRADEABLE
[2026-09-30 12:04:47.828961] XAUUSDm 5M_signal=0 MTF_gate=REJECTED reason=No breakout signal (flat) 1H=LONG_BIAS 30M=LONG_BIAS 15M=TRADEABLE
[2026-09-30 12:04:49.011138] XAUUSDm 5M_signal=0 MTF_gate=REJECTED reason=No breakout signal (flat) 1H=LONG_BIAS 30M=LONG_BIAS 15M=TRADEABLE
[2026-09-30 12:04:50.145312] XAUUSDm 5M_signal=0 MTF_gate=REJECTED reason=No breakout signal (flat) 1H=LONG_BIAS 30M=LONG_BIAS 15M=TRADEABLE
[2026-09-30 12:04:51.443548] XAUUSDm 5M_signal=0 MTF_gate=REJECTED reason=No breakout signal (flat) 1H=LONG_BIAS 30M=LONG_BIAS 15M=TRADEABLE
[2026-09-30 12:04:52.638546] XAUUSDm 5M_signal=0 MTF_gate=REJECTED reason=No breakout signal (flat) 1H=LONG_BIAS 30M=LONG_BIAS 15M=TRADEABLE
[2026-09-30 12:04:53.764649] XAUUSDm 5M_signal=0 MTF_gate=REJECTED reason=No breakout signal (flat) 1H=LONG_BIAS 30M=LONG_BIAS 15M=TRADEABLE
[2026-09-30 12:04:55.047919] XAUUSDm 5M_signal=0 MTF_gate=REJECTED reason=No breakout signal (flat) 1H=LONG_BIAS 30M=LONG_BIAS 15M=TRADEABLE
[2026-09-30 12:04:56.148458] XAUUSDm 5M_signal=0 MTF_gate=REJECTED reason=No breakout signal (flat) 1H=LONG_BIAS 30M=LONG_BIAS 15M=TRADEABLE
[2026-09-30 12:04:57.226370] XAUUSDm 5M_signal=0 MTF_gate=REJECTED reason=No breakout signal (flat) 1H=LONG_BIAS 30M=LONG_BIAS 15M=TRADEABLE
[2026-09-30 12:04:58.337146] XAUUSDm 5M_signal=0 MTF_gate=REJECTED reason=No breakout signal (flat) 1H=LONG_BIAS 30M=LONG_BIAS 15M=TRADEABLE
[2026-09-30 12:04:59.424404] XAUUSDm 5M_signal=0 MTF_gate=REJECTED reason=No breakout signal (flat) 1H=LONG_BIAS 30M=LONG_BIAS 15M=TRADEABLE
[2026-09-30 12:05:00.540901] XAUUSDm 5M_signal=0 MTF_gate=REJECTED reason=No breakout signal (flat) 1H=LONG_BIAS 30M=LONG_BIAS 15M=TRADEABLE
[2026-09-30 12:05:00.540961] Status: Signals=0, Placed=0, Failed=0, Equity=$155.27
[2026-09-30 12:05:01.639733] XAUUSDm 5M_signal=0 MTF_gate=REJECTED reason=No breakout signal (flat) 1H=LONG_BIAS 30M=LONG_BIAS 15M=TRADEABLE
[2026-09-30 12:05:02.744306] XAUUSDm 5M_signal=0 MTF_gate=REJECTED reason=No breakout signal (flat) 1H=LONG_BIAS 30M=LONG_BIAS 15M=TRADEABLE
[2026-09-30 12:05:03.975852] XAUUSDm 5M_signal=0 MTF_gate=REJECTED reason=No breakout signal (flat) 1H=LONG_BIAS 30M=LONG_BIAS 15M=TRADEABLE
[2026-09-30 12:05:05.065124] XAUUSDm 5M_signal=0 MTF_gate=REJECTED reason=No breakout signal (flat) 1H=LONG_BIAS 30M=LONG_BIAS 15M=TRADEABLE
[2026-09-30 12:05:06.194828] XAUUSDm 5M_signal=0 MTF_gate=REJECTED reason=No breakout signal (flat) 1H=LONG_BIAS 30M=LONG_BIAS 15M=TRADEABLE
[2026-09-30 12:05:07.774892] XAUUSDm 5M_signal=0 MTF_gate=REJECTED reason=No breakout signal (flat) 1H=LONG_BIAS 30M=LONG_BIAS 15M=TRADEABLE
[2026-09-30 12:05:08.999340] XAUUSDm 5M_signal=0 MTF_gate=REJECTED reason=No breakout signal (flat) 1H=LONG_BIAS 30M=LONG_BIAS 15M=TRADEABLE
[2026-09-30 12:05:10.239931] XAUUSDm 5M_signal=0 MTF_gate=REJECTED reason=No breakout signal (flat) 1H=LONG_BIAS 30M=LONG_BIAS 15M=TRADEABLE
[2026-09-30 12:05:11.424350] XAUUSDm 5M_signal=0 MTF_gate=REJECTED reason=No breakout signal (flat) 1H=LONG_BIAS 30M=LONG_BIAS 15M=TRADEABLE
[2026-09-30 12:05:12.578728] XAUUSDm 5M_signal=0 MTF_gate=REJECTED reason=No breakout signal (flat) 1H=LONG_BIAS 30M=LONG_BIAS 15M=TRADEABLE
[2026-09-30 12:05:13.706309] XAUUSDm 5M_signal=0 MTF_gate=REJECTED reason=No breakout signal (flat) 1H=LONG_BIAS 30M=LONG_BIAS 15M=TRADEABLE
[2026-09-30 12:05:14.845802] XAUUSDm 5M_signal=0 MTF_gate=REJECTED reason=No breakout signal (flat) 1H=LONG_BIAS 30M=LONG_BIAS 15M=TRADEABLE
[2026-09-30 12:05:15.949034] XAUUSDm 5M_signal=0 MTF_gate=REJECTED reason=No breakout signal (flat) 1H=LONG_BIAS 30M=LONG_BIAS 15M=TRADEABLE
[2026-09-30 12:05:17.078424] XAUUSDm 5M_signal=0 MTF_gate=REJECTED reason=No breakout signal (flat) 1H=LONG_BIAS 30M=LONG_BIAS 15M=TRADEABLE
[2026-09-30 12:05:18.174853] XAUUSDm 5M_signal=0 MTF_gate=REJECTED reason=No breakout signal (flat) 1H=LONG_BIAS 30M=LONG_BIAS 15M=TRADEABLE
[2026-09-30 12:05:19.284122] XAUUSDm 5M_signal=0 MTF_gate=REJECTED reason=No breakout signal (flat) 1H=LONG_BIAS 30M=LONG_BIAS 15M=TRADEABLE
[2026-09-30 12:05:20.429784] XAUUSDm 5M_signal=0 MTF_gate=REJECTED reason=No breakout signal (flat) 1H=LONG_BIAS 30M=LONG_BIAS 15M=TRADEABLE
[2026-09-30 12:05:21.515101] XAUUSDm 5M_signal=0 MTF_gate=REJECTED reason=No breakout signal (flat) 1H=LONG_BIAS 30M=LONG_BIAS 15M=TRADEABLE
[2026-09-30 12:05:22.607032] XAUUSDm 5M_signal=0 MTF_gate=REJECTED reason=No breakout signal (flat) 1H=LONG_BIAS 30M=LONG_BIAS 15M=TRADEABLE
[2026-09-30 12:05:23.715618] XAUUSDm 5M_signal=0 MTF_gate=REJECTED reason=No breakout signal (flat) 1H=LONG_BIAS 30M=LONG_BIAS 15M=TRADEABLE
[2026-09-30 12:05:24.845357] XAUUSDm 5M_signal=0 MTF_gate=REJECTED reason=No breakout signal (flat) 1H=LONG_BIAS 30M=LONG_BIAS 15M=TRADEABLE
[2026-09-30 12:05:25.955198] XAUUSDm 5M_signal=0 MTF_gate=REJECTED reason=No breakout signal (flat) 1H=LONG_BIAS 30M=LONG_BIAS 15M=TRADEABLE
[2026-09-30 12:05:27.070033] XAUUSDm 5M_signal=0 MTF_gate=REJECTED reason=No breakout signal (flat) 1H=LONG_BIAS 30M=LONG_BIAS 15M=TRADEABLE
[2026-09-30 12:05:28.262874] XAUUSDm 5M_signal=0 MTF_gate=REJECTED reason=No breakout signal (flat) 1H=LONG_BIAS 30M=LONG_BIAS 15M=TRADEABLE
[2026-09-30 12:05:29.361446] XAUUSDm 5M_signal=0 MTF_gate=REJECTED reason=No breakout signal (flat) 1H=LONG_BIAS 30M=LONG_BIAS 15M=TRADEABLE
[2026-09-30 12:05:30.443469] XAUUSDm 5M_signal=0 MTF_gate=REJECTED reason=No breakout signal (flat) 1H=LONG_BIAS 30M=LONG_BIAS 15M=TRADEABLE
[2026-09-30 12:05:30.443540] Status: Signals=0, Placed=0, Failed=0, Equity=$155.27
[2026-09-30 12:05:31.537409] XAUUSDm 5M_signal=0 MTF_gate=REJECTED reason=No breakout signal (flat) 1H=LONG_BIAS 30M=LONG_BIAS 15M=TRADEABLE
[2026-09-30 12:05:32.620223] XAUUSDm 5M_signal=0 MTF_gate=REJECTED reason=No breakout signal (flat) 1H=LONG_BIAS 30M=LONG_BIAS 15M=TRADEABLE
[2026-09-30 12:05:33.715149] XAUUSDm 5M_signal=0 MTF_gate=REJECTED reason=No breakout signal (flat) 1H=LONG_BIAS 30M=LONG_BIAS 15M=TRADEABLE
[2026-09-30 12:05:34.818451] XAUUSDm 5M_signal=0 MTF_gate=REJECTED reason=No breakout signal (flat) 1H=LONG_BIAS 30M=LONG_BIAS 15M=TRADEABLE
[2026-09-30 12:05:35.952230] XAUUSDm 5M_signal=0 MTF_gate=REJECTED reason=No breakout signal (flat) 1H=LONG_BIAS 30M=LONG_BIAS 15M=TRADEABLE
[2026-09-30 12:05:37.080418] XAUUSDm 5M_signal=0 MTF_gate=REJECTED reason=No breakout signal (flat) 1H=LONG_BIAS 30M=LONG_BIAS 15M=TRADEABLE
[2026-09-30 12:05:38.158597] XAUUSDm 5M_signal=0 MTF_gate=REJECTED reason=No breakout signal (flat) 1H=LONG_BIAS 30M=LONG_BIAS 15M=TRADEABLE
[2026-09-30 12:05:39.249958] XAUUSDm 5M_signal=0 MTF_gate=REJECTED reason=No breakout signal (flat) 1H=LONG_BIAS 30M=LONG_BIAS 15M=TRADEABLE
[2026-09-30 12:05:40.355636] XAUUSDm 5M_signal=0 MTF_gate=REJECTED reason=No breakout signal (flat) 1H=LONG_BIAS 30M=LONG_BIAS 15M=TRADEABLE
[2026-09-30 12:05:41.587368] XAUUSDm 5M_signal=0 MTF_gate=REJECTED reason=No breakout signal (flat) 1H=LONG_BIAS 30M=LONG_BIAS 15M=TRADEABLE
[2026-09-30 12:05:42.681712] XAUUSDm 5M_signal=0 MTF_gate=REJECTED reason=No breakout signal (flat) 1H=LONG_BIAS 30M=LONG_BIAS 15M=TRADEABLE
[2026-09-30 12:05:43.789104] XAUUSDm 5M_signal=0 MTF_gate=REJECTED reason=No breakout signal (flat) 1H=LONG_BIAS 30M=LONG_BIAS 15M=TRADEABLE
[2026-09-30 12:05:44.879959] XAUUSDm 5M_signal=0 MTF_gate=REJECTED reason=No breakout signal (flat) 1H=LONG_BIAS 30M=LONG_BIAS 15M=TRADEABLE
[2026-09-30 12:05:45.991809] XAUUSDm 5M_signal=0 MTF_gate=REJECTED reason=No breakout signal (flat) 1H=LONG_BIAS 30M=LONG_BIAS 15M=TRADEABLE
[2026-09-30 12:05:47.087804] XAUUSDm 5M_signal=0 MTF_gate=REJECTED reason=No breakout signal (flat) 1H=LONG_BIAS 30M=LONG_BIAS 15M=TRADEABLE
[2026-09-30 12:05:48.224926] XAUUSDm 5M_signal=0 MTF_gate=REJECTED reason=No breakout signal (flat) 1H=LONG_BIAS 30M=LONG_BIAS 15M=TRADEABLE
[2026-09-30 12:05:49.536658] XAUUSDm 5M_signal=0 MTF_gate=REJECTED reason=No breakout signal (flat) 1H=LONG_BIAS 30M=LONG_BIAS 15M=TRADEABLE
[2026-09-30 12:05:50.669846] XAUUSDm 5M_signal=0 MTF_gate=REJECTED reason=No breakout signal (flat) 1H=LONG_BIAS 30M=LONG_BIAS 15M=TRADEABLE
[2026-09-30 12:05:51.859502] XAUUSDm 5M_signal=0 MTF_gate=REJECTED reason=No breakout signal (flat) 1H=LONG_BIAS 30M=LONG_BIAS 15M=TRADEABLE
[2026-09-30 12:05:53.011650] XAUUSDm 5M_signal=0 MTF_gate=REJECTED reason=No breakout signal (flat) 1H=LONG_BIAS 30M=LONG_BIAS 15M=TRADEABLE
[2026-09-30 12:05:54.196211] XAUUSDm 5M_signal=0 MTF_gate=REJECTED reason=No breakout signal (flat) 1H=LONG_BIAS 30M=LONG_BIAS 15M=TRADEABLE
[2026-09-30 12:05:55.324814] XAUUSDm 5M_signal=0 MTF_gate=REJECTED reason=No breakout signal (flat) 1H=LONG_BIAS 30M=LONG_BIAS 15M=TRADEABLE
[2026-09-30 12:05:56.476586] XAUUSDm 5M_signal=0 MTF_gate=REJECTED reason=No breakout signal (flat) 1H=LONG_BIAS 30M=LONG_BIAS 15M=TRADEABLE
[2026-09-30 12:05:57.627738] XAUUSDm 5M_signal=0 MTF_gate=REJECTED reason=No breakout signal (flat) 1H=LONG_BIAS 30M=LONG_BIAS 15M=TRADEABLE
[2026-09-30 12:05:58.785151] XAUUSDm 5M_signal=0 MTF_gate=REJECTED reason=No breakout signal (flat) 1H=LONG_BIAS 30M=LONG_BIAS 15M=TRADEABLE
[2026-09-30 12:05:59.911024] XAUUSDm 5M_signal=0 MTF_gate=REJECTED reason=No breakout signal (flat) 1H=LONG_BIAS 30M=LONG_BIAS 15M=TRADEABLE
  Γ£à Audit DB backed up to: C:\Users\RIDGE\MARS_AUDIT_BACKUP\mt5_audit_20260930.db
  Γ£à Audit DB backed up to: mt5_audit_backup.db
MT5Executor shutdown complete

=== SESSION SUMMARY ===
Final Equity: $155.27
