=== DRY RUN: Connecting to MT5 for live equity ===
Traceback (most recent call last):
  File "C:\Users\RIDGE\MARS-QUANT\mars\apps\trading\mt5_executor.py", line 246, in connect
    print(f"\u2705 MT5 connected: account #{self.config.login}")
    ~~~~~^^^^^^^^^^^^^^^^^^^^^^^^^^^^^^^^^^^^^^^^^^^^^^^^^^^
  File "C:\Python314\Lib\encodings\cp1252.py", line 19, in encode
    return codecs.charmap_encode(input,self.errors,encoding_table)[0]
           ~~~~~~~~~~~~~~~~~~~~~^^^^^^^^^^^^^^^^^^^^^^^^^^^^^^^^^^
UnicodeEncodeError: 'charmap' codec can't encode character '\u2705' in position 0: character maps to <undefined>

During handling of the above exception, another exception occurred:

Traceback (most recent call last):
  File "C:\Users\RIDGE\MARS-QUANT\run_session_v3.py", line 636, in <module>
    sys.exit(main())
             ~~~~^^
  File "C:\Users\RIDGE\MARS-QUANT\run_session_v3.py", line 544, in main
    conn_manager.connect()
    ~~~~~~~~~~~~~~~~~~~~^^
  File "C:\Users\RIDGE\MARS-QUANT\mars\apps\trading\mt5_executor.py", line 254, in connect
    print(f"\u274c MT5 connection error: {e}")
    ~~~~~^^^^^^^^^^^^^^^^^^^^^^^^^^^^^^^^^
  File "C:\Python314\Lib\encodings\cp1252.py", line 19, in encode
    return codecs.charmap_encode(input,self.errors,encoding_table)[0]
           ~~~~~~~~~~~~~~~~~~~~~^^^^^^^^^^^^^^^^^^^^^^^^^^^^^^^^^^
UnicodeEncodeError: 'charmap' codec can't encode character '\u274c' in position 0: character maps to <undefined>
